
> psars@1.2.0 test
> jest

